[26-09-25 21:45:25] Proceso: 
🚀 Iniciando ciclo de scraping - 2025-09-26 21:45:25
[26-09-25 21:45:25] Proceso: 
❌ Error no controlado: scrapear_aleatoriamente() missing 1 required positional argument: 'engine_type'
[26-09-25 21:45:26] Proceso: 
🚀 Iniciando ciclo de scraping - 2025-09-26 21:45:26
[26-09-25 21:45:26] Proceso: 
❌ Error no controlado: scrapear_aleatoriamente() missing 1 required positional argument: 'engine_type'
[26-09-25 21:45:27] Proceso: 
🚀 Iniciando ciclo de scraping - 2025-09-26 21:45:27
[26-09-25 21:45:27] Proceso: 
❌ Error no controlado: scrapear_aleatoriamente() missing 1 required positional argument: 'engine_type'
[26-09-25 21:45:28] Proceso: 
🚀 Iniciando ciclo de scraping - 2025-09-26 21:45:28
[26-09-25 21:45:28] Proceso: 
❌ Error no controlado: scrapear_aleatoriamente() missing 1 required positional argument: 'engine_type'
[26-09-25 21:45:29] Proceso: 
🚀 Iniciando ciclo de scraping - 2025-09-26 21:45:29
[26-09-25 21:45:29] Proceso: 
❌ Error no controlado: scrapear_aleatoriamente() missing 1 required positional argument: 'engine_type'
[26-09-25 21:45:31] Proceso: 
🚀 Iniciando ciclo de scraping - 2025-09-26 21:45:31
[26-09-25 21:45:31] Proceso: 
❌ Error no controlado: scrapear_aleatoriamente() missing 1 required positional argument: 'engine_type'
[26-09-25 21:45:35] Proceso: 
🚀 Iniciando ciclo de scraping - 2025-09-26 21:45:35
[26-09-25 21:45:35] Proceso: 
❌ Error no controlado: scrapear_aleatoriamente() missing 1 required positional argument: 'engine_type'
[26-09-25 21:45:42] Proceso: 
🚀 Iniciando ciclo de scraping - 2025-09-26 21:45:42
[26-09-25 21:45:42] Proceso: 
❌ Error no controlado: scrapear_aleatoriamente() missing 1 required positional argument: 'engine_type'
[26-09-25 21:45:55] Proceso: 
🚀 Iniciando ciclo de scraping - 2025-09-26 21:45:55
[26-09-25 21:45:55] Proceso: 
❌ Error no controlado: scrapear_aleatoriamente() missing 1 required positional argument: 'engine_type'
[26-09-25 21:46:21] Proceso: 
🚀 Iniciando ciclo de scraping - 2025-09-26 21:46:21
[26-09-25 21:46:21] Proceso: 
❌ Error no controlado: scrapear_aleatoriamente() missing 1 required positional argument: 'engine_type'
[26-09-25 21:59:27] Proceso: 
🚀 Iniciando ciclo de scraping - 2025-09-26 21:59:27
[26-09-25 21:59:27] Proceso: 
❌ Error no controlado: scrapear_aleatoriamente() missing 1 required positional argument: 'engine_type'
[26-09-25 21:59:28] Proceso: 
🚀 Iniciando ciclo de scraping - 2025-09-26 21:59:28
[26-09-25 21:59:28] Proceso: 
❌ Error no controlado: scrapear_aleatoriamente() missing 1 required positional argument: 'engine_type'
[26-09-25 21:59:28] Proceso: 
🚀 Iniciando ciclo de scraping - 2025-09-26 21:59:28
[26-09-25 21:59:28] Proceso: 
❌ Error no controlado: scrapear_aleatoriamente() missing 1 required positional argument: 'engine_type'
[26-09-25 21:59:29] Proceso: 
🚀 Iniciando ciclo de scraping - 2025-09-26 21:59:29
[26-09-25 21:59:29] Proceso: 
❌ Error no controlado: scrapear_aleatoriamente() missing 1 required positional argument: 'engine_type'
[26-09-25 21:59:30] Proceso: 
🚀 Iniciando ciclo de scraping - 2025-09-26 21:59:30
[26-09-25 21:59:30] Proceso: 
❌ Error no controlado: scrapear_aleatoriamente() missing 1 required positional argument: 'engine_type'
[26-09-25 21:59:32] Proceso: 
🚀 Iniciando ciclo de scraping - 2025-09-26 21:59:32
[26-09-25 21:59:32] Proceso: 
❌ Error no controlado: scrapear_aleatoriamente() missing 1 required positional argument: 'engine_type'
[26-09-25 21:59:36] Proceso: 
🚀 Iniciando ciclo de scraping - 2025-09-26 21:59:36
[26-09-25 21:59:36] Proceso: 
❌ Error no controlado: scrapear_aleatoriamente() missing 1 required positional argument: 'engine_type'
[26-09-25 21:59:42] Proceso: 
🚀 Iniciando ciclo de scraping - 2025-09-26 21:59:42
[26-09-25 21:59:42] Proceso: 
❌ Error no controlado: scrapear_aleatoriamente() missing 1 required positional argument: 'engine_type'
[26-09-25 21:59:56] Proceso: 
🚀 Iniciando ciclo de scraping - 2025-09-26 21:59:56
[26-09-25 21:59:56] Proceso: 
❌ Error no controlado: scrapear_aleatoriamente() missing 1 required positional argument: 'engine_type'
[26-09-25 22:00:22] Proceso: 
🚀 Iniciando ciclo de scraping - 2025-09-26 22:00:22
[26-09-25 22:00:22] Proceso: 
❌ Error no controlado: scrapear_aleatoriamente() missing 1 required positional argument: 'engine_type'
[26-09-25 22:01:13] Proceso: 
🚀 Iniciando ciclo de scraping - 2025-09-26 22:01:13
[26-09-25 22:01:13] Proceso: 
❌ Error no controlado: scrapear_aleatoriamente() missing 1 required positional argument: 'engine_type'
[26-09-25 22:02:13] Proceso: 
🚀 Iniciando ciclo de scraping - 2025-09-26 22:02:13
[26-09-25 22:02:13] Proceso: 
❌ Error no controlado: scrapear_aleatoriamente() missing 1 required positional argument: 'engine_type'
[26-09-25 22:03:14] Proceso: 
🚀 Iniciando ciclo de scraping - 2025-09-26 22:03:14
[26-09-25 22:03:14] Proceso: 
❌ Error no controlado: scrapear_aleatoriamente() missing 1 required positional argument: 'engine_type'
[26-09-25 22:04:14] Proceso: 
🚀 Iniciando ciclo de scraping - 2025-09-26 22:04:14
[26-09-25 22:04:14] Proceso: 
❌ Error no controlado: scrapear_aleatoriamente() missing 1 required positional argument: 'engine_type'
[26-09-25 22:05:14] Proceso: 
🚀 Iniciando ciclo de scraping - 2025-09-26 22:05:14
[26-09-25 22:05:14] Proceso: 
❌ Error no controlado: scrapear_aleatoriamente() missing 1 required positional argument: 'engine_type'
[26-09-25 22:06:15] Proceso: 
🚀 Iniciando ciclo de scraping - 2025-09-26 22:06:15
[26-09-25 22:06:15] Proceso: 
❌ Error no controlado: scrapear_aleatoriamente() missing 1 required positional argument: 'engine_type'
[26-09-25 22:07:15] Proceso: 
🚀 Iniciando ciclo de scraping - 2025-09-26 22:07:15
[26-09-25 22:07:15] Proceso: 
❌ Error no controlado: scrapear_aleatoriamente() missing 1 required positional argument: 'engine_type'
[26-09-25 22:08:15] Proceso: 
🚀 Iniciando ciclo de scraping - 2025-09-26 22:08:15
[26-09-25 22:08:15] Proceso: 
❌ Error no controlado: scrapear_aleatoriamente() missing 1 required positional argument: 'engine_type'
[26-09-25 22:09:16] Proceso: 
🚀 Iniciando ciclo de scraping - 2025-09-26 22:09:16
[26-09-25 22:09:16] Proceso: 
❌ Error no controlado: scrapear_aleatoriamente() missing 1 required positional argument: 'engine_type'
[26-09-25 22:10:16] Proceso: 
🚀 Iniciando ciclo de scraping - 2025-09-26 22:10:16
[26-09-25 22:10:16] Proceso: 
❌ Error no controlado: scrapear_aleatoriamente() missing 1 required positional argument: 'engine_type'
[26-09-25 22:11:16] Proceso: 
🚀 Iniciando ciclo de scraping - 2025-09-26 22:11:16
[26-09-25 22:11:16] Proceso: 
❌ Error no controlado: scrapear_aleatoriamente() missing 1 required positional argument: 'engine_type'
[26-09-25 22:12:17] Proceso: 
🚀 Iniciando ciclo de scraping - 2025-09-26 22:12:17
[26-09-25 22:12:17] Proceso: 
❌ Error no controlado: scrapear_aleatoriamente() missing 1 required positional argument: 'engine_type'
[26-09-25 22:13:17] Proceso: 
🚀 Iniciando ciclo de scraping - 2025-09-26 22:13:17
[26-09-25 22:13:17] Proceso: 
❌ Error no controlado: scrapear_aleatoriamente() missing 1 required positional argument: 'engine_type'
[26-09-25 22:20:33] Proceso: 
🚀 Iniciando ciclo de scraping - 2025-09-26 22:20:33
[26-09-25 22:20:33] Proceso: 
❌ Error no controlado: scrapear_aleatoriamente() missing 1 required positional argument: 'engine_type'
[26-09-25 22:20:34] Proceso: 
🚀 Iniciando ciclo de scraping - 2025-09-26 22:20:34
[26-09-25 22:20:34] Proceso: 
❌ Error no controlado: scrapear_aleatoriamente() missing 1 required positional argument: 'engine_type'
[26-09-25 22:20:34] Proceso: 
🚀 Iniciando ciclo de scraping - 2025-09-26 22:20:34
[26-09-25 22:20:34] Proceso: 
❌ Error no controlado: scrapear_aleatoriamente() missing 1 required positional argument: 'engine_type'
[26-09-25 22:20:35] Proceso: 
🚀 Iniciando ciclo de scraping - 2025-09-26 22:20:35
[26-09-25 22:20:35] Proceso: 
❌ Error no controlado: scrapear_aleatoriamente() missing 1 required positional argument: 'engine_type'
[26-09-25 22:20:36] Proceso: 
🚀 Iniciando ciclo de scraping - 2025-09-26 22:20:36
[26-09-25 22:20:36] Proceso: 
❌ Error no controlado: scrapear_aleatoriamente() missing 1 required positional argument: 'engine_type'
[26-09-25 22:20:38] Proceso: 
🚀 Iniciando ciclo de scraping - 2025-09-26 22:20:38
[26-09-25 22:20:38] Proceso: 
❌ Error no controlado: scrapear_aleatoriamente() missing 1 required positional argument: 'engine_type'
[26-09-25 22:20:42] Proceso: 
🚀 Iniciando ciclo de scraping - 2025-09-26 22:20:42
[26-09-25 22:20:42] Proceso: 
❌ Error no controlado: scrapear_aleatoriamente() missing 1 required positional argument: 'engine_type'
[26-09-25 22:20:48] Proceso: 
🚀 Iniciando ciclo de scraping - 2025-09-26 22:20:48
[26-09-25 22:20:48] Proceso: 
❌ Error no controlado: scrapear_aleatoriamente() missing 1 required positional argument: 'engine_type'
[26-09-25 22:21:02] Proceso: 
🚀 Iniciando ciclo de scraping - 2025-09-26 22:21:02
[26-09-25 22:21:02] Proceso: 
❌ Error no controlado: scrapear_aleatoriamente() missing 1 required positional argument: 'engine_type'
[26-09-25 22:21:27] Proceso: 
🚀 Iniciando ciclo de scraping - 2025-09-26 22:21:27
[26-09-25 22:21:27] Proceso: 
❌ Error no controlado: scrapear_aleatoriamente() missing 1 required positional argument: 'engine_type'
[26-09-25 22:24:16] Proceso: 
🚀 Iniciando ciclo de scraping - 2025-09-26 22:24:16
[26-09-25 22:24:17] Proceso: 
📌 Procesando (1/1): general_falabella
[26-09-25 22:24:17] Proceso: Iniciando proceso con estrategia SeleniumBase
[26-09-25 22:24:27] Proceso: Estamos en: https://www.falabella.com/falabella-cl/category/CATG11448/Libros?page=1
[26-09-25 22:24:27] Proceso: product_container cargado
[26-09-25 22:24:27] Proceso: se encontraron los productos en buscalibre strategy
[26-09-25 22:24:30] Proceso: se obtuvieron: 56 productos, ⏳esperando 5s para la siguiente pagina
[26-09-25 22:24:30] Proceso: ✅ CSV creado: /app/logic/../data/general_falabella.csv
[26-09-25 22:24:30] Proceso: 📊 Nuevos registros: 56
[26-09-25 22:24:30] Proceso: 📈 Total acumulado: 56 registros
[26-09-25 22:24:36] Proceso: ⏳ Esperando 9 segundos antes de continuar...
[26-09-25 22:24:47] Proceso: se encontraron los productos en buscalibre strategy
[26-09-25 22:24:49] Proceso: se obtuvieron: 56 productos, ⏳esperando 7s para la siguiente pagina
[26-09-25 22:24:49] Proceso: ✅ CSV actualizado: /app/logic/../data/general_falabella.csv
[26-09-25 22:24:49] Proceso: 📊 Nuevos registros: 56
[26-09-25 22:24:49] Proceso: 📈 Total acumulado: 112 registros
[26-09-25 22:24:56] Proceso: ⏳ Esperando 12 segundos antes de continuar...
[26-09-25 22:25:08] Proceso: se encontraron los productos en buscalibre strategy
[26-09-25 22:25:11] Proceso: se obtuvieron: 56 productos, ⏳esperando 7s para la siguiente pagina
[26-09-25 22:25:11] Proceso: ✅ CSV actualizado: /app/logic/../data/general_falabella.csv
[26-09-25 22:25:11] Proceso: 📊 Nuevos registros: 56
[26-09-25 22:25:11] Proceso: 📈 Total acumulado: 168 registros
[26-09-25 22:25:18] Proceso: ⏳ Esperando 7 segundos antes de continuar...
[26-09-25 22:25:26] Proceso: se encontraron los productos en buscalibre strategy
[26-09-25 22:25:28] Proceso: se obtuvieron: 56 productos, ⏳esperando 9s para la siguiente pagina
[26-09-25 22:25:28] Proceso: ✅ CSV actualizado: /app/logic/../data/general_falabella.csv
[26-09-25 22:25:28] Proceso: 📊 Nuevos registros: 56
[26-09-25 22:25:28] Proceso: 📈 Total acumulado: 224 registros
[26-09-25 22:25:37] Proceso: ⏳ Esperando 15 segundos antes de continuar...
[26-09-25 22:25:52] Proceso: se encontraron los productos en buscalibre strategy
[26-09-25 22:25:56] Proceso: se obtuvieron: 56 productos, ⏳esperando 9s para la siguiente pagina
[26-09-25 22:25:56] Proceso: ✅ CSV actualizado: /app/logic/../data/general_falabella.csv
[26-09-25 22:25:56] Proceso: 📊 Nuevos registros: 56
[26-09-25 22:25:56] Proceso: 📈 Total acumulado: 280 registros
[26-09-25 22:26:05] Proceso: ⏳ Esperando 14 segundos antes de continuar...
